2026-08-10 20:43:02 | INFO     | __main__ | Démarrage de R116 Platform (env=development)
2026-08-10 20:43:02 | INFO     | __main__ | Base de données : C:\Users\pc\Downloads\r116-platform\data\r116.db
2026-08-11 11:15:21 | INFO     | __main__ | Demarrage de R116 Platform (env=development)
2026-08-11 11:15:21 | INFO     | __main__ | Base de donnees : C:\Users\pc\Downloads\r116-platform\data\r116.db
2026-08-11 11:15:21 | INFO     | flet_runtime | Assets path configured: C:\Users\pc\Downloads\r116-platform\app\assets
2026-08-11 11:15:21 | INFO     | flet_runtime | Starting up TCP server on localhost:54728
2026-08-11 11:15:21 | INFO     | flet_runtime | Flet app has started...
2026-08-11 11:15:21 | INFO     | flet_runtime | App URL: tcp://localhost:54728
2026-08-11 11:15:21 | INFO     | flet_runtime | Starting Flet View app...
2026-08-11 11:15:21 | INFO     | flet_runtime | Flet View found in: C:\Users\pc\Downloads\r116-platform\venv\Lib\site-packages\flet\bin\flet\flet.exe
2026-08-11 11:15:23 | INFO     | flet_runtime | App session started
2026-08-11 17:19:16 | INFO     | __main__ | Demarrage de R116 Platform (env=development)
2026-08-11 17:19:16 | INFO     | __main__ | Base de donnees : C:\Users\pc\Downloads\r116-platform\data\r116.db
2026-08-11 17:19:16 | INFO     | flet_runtime | Assets path configured: C:\Users\pc\Downloads\r116-platform\app\assets
2026-08-11 17:19:16 | INFO     | flet_runtime | Starting up TCP server on localhost:64669
2026-08-11 17:19:16 | INFO     | flet_runtime | Flet app has started...
2026-08-11 17:19:16 | INFO     | flet_runtime | App URL: tcp://localhost:64669
2026-08-11 17:19:16 | INFO     | flet_runtime | Starting Flet View app...
2026-08-11 17:19:16 | INFO     | flet_runtime | Flet View found in: C:\Users\pc\Downloads\r116-platform\venv\Lib\site-packages\flet\bin\flet\flet.exe
2026-08-11 17:19:17 | INFO     | flet_runtime | App session started
2026-08-11 23:44:49 | INFO     | __main__ | Demarrage de R116 Platform (env=development)
2026-08-11 23:44:49 | INFO     | __main__ | Base de donnees : C:\Users\pc\Downloads\r116-platform\data\r116.db
2026-08-11 23:44:49 | INFO     | flet_runtime | Assets path configured: C:\Users\pc\Downloads\r116-platform\app\assets
2026-08-11 23:44:49 | INFO     | flet_runtime | Starting up TCP server on localhost:56116
2026-08-11 23:44:49 | INFO     | flet_runtime | Flet app has started...
2026-08-11 23:44:49 | INFO     | flet_runtime | App URL: tcp://localhost:56116
2026-08-11 23:44:49 | INFO     | flet_runtime | Starting Flet View app...
2026-08-11 23:44:49 | INFO     | flet_runtime | Flet View found in: C:\Users\pc\Downloads\r116-platform\venv\Lib\site-packages\flet\bin\flet\flet.exe
2026-08-11 23:44:50 | INFO     | flet_runtime | App session started
2026-08-12 13:27:08 | INFO     | __main__ | Demarrage de R116 Platform (env=development)
2026-08-12 13:27:08 | INFO     | __main__ | Base de donnees : C:\Users\pc\Downloads\r116-platform\data\r116.db
2026-08-12 13:27:08 | INFO     | flet_runtime | Assets path configured: C:\Users\pc\Downloads\r116-platform\app\assets
2026-08-12 13:27:08 | INFO     | flet_runtime | Starting up TCP server on localhost:64057
2026-08-12 13:27:08 | INFO     | flet_runtime | Flet app has started...
2026-08-12 13:27:08 | INFO     | flet_runtime | App URL: tcp://localhost:64057
2026-08-12 13:27:08 | INFO     | flet_runtime | Starting Flet View app...
2026-08-12 13:27:08 | INFO     | flet_runtime | Flet View found in: C:\Users\pc\Downloads\r116-platform\venv\Lib\site-packages\flet\bin\flet\flet.exe
2026-08-12 13:27:10 | INFO     | flet_runtime | App session started
2026-08-12 13:32:32 | INFO     | __main__ | Demarrage de R116 Platform (env=development)
2026-08-12 13:32:32 | INFO     | __main__ | Base de donnees : C:\Users\pc\Downloads\r116-platform\data\r116.db
2026-08-12 13:32:32 | INFO     | flet_runtime | Assets path configured: C:\Users\pc\Downloads\r116-platform\app\assets
2026-08-12 13:32:32 | INFO     | flet_runtime | Starting up TCP server on localhost:59804
2026-08-12 13:32:32 | INFO     | flet_runtime | Flet app has started...
2026-08-12 13:32:32 | INFO     | flet_runtime | App URL: tcp://localhost:59804
2026-08-12 13:32:32 | INFO     | flet_runtime | Starting Flet View app...
2026-08-12 13:32:32 | INFO     | flet_runtime | Flet View found in: C:\Users\pc\Downloads\r116-platform\venv\Lib\site-packages\flet\bin\flet\flet.exe
2026-08-12 13:32:32 | INFO     | flet_runtime | App session started
2026-08-16 20:05:27 | INFO     | __main__ | Demarrage de R116 Platform (env=development)
2026-08-16 20:05:27 | INFO     | __main__ | Base de donnees : C:\Users\pc\Downloads\r116-platform\data\r116.db
2026-08-16 20:05:27 | INFO     | flet_runtime | Assets path configured: C:\Users\pc\Downloads\r116-platform\app\assets
2026-08-16 20:05:27 | INFO     | flet_runtime | Starting up TCP server on localhost:57607
2026-08-16 20:05:27 | INFO     | flet_runtime | Flet app has started...
2026-08-16 20:05:27 | INFO     | flet_runtime | App URL: tcp://localhost:57607
2026-08-16 20:05:27 | INFO     | flet_runtime | Starting Flet View app...
2026-08-16 20:05:27 | INFO     | flet_runtime | Flet View found in: C:\Users\pc\Downloads\r116-platform\venv\Lib\site-packages\flet\bin\flet\flet.exe
2026-08-16 20:05:29 | INFO     | flet_runtime | App session started
2026-08-17 17:02:59 | INFO     | __main__ | Demarrage de R116 Platform (env=development)
2026-08-17 17:02:59 | INFO     | __main__ | Base de donnees : C:\Users\pc\Downloads\r116-platform\data\r116.db
2026-08-17 17:02:59 | INFO     | flet_runtime | Assets path configured: C:\Users\pc\Downloads\r116-platform\app\assets
2026-08-17 17:02:59 | INFO     | flet_runtime | Starting up TCP server on localhost:64233
2026-08-17 17:02:59 | INFO     | flet_runtime | Flet app has started...
2026-08-17 17:02:59 | INFO     | flet_runtime | App URL: tcp://localhost:64233
2026-08-17 17:02:59 | INFO     | flet_runtime | Starting Flet View app...
2026-08-17 17:02:59 | INFO     | flet_runtime | Flet View found in: C:\Users\pc\Downloads\r116-platform\venv\Lib\site-packages\flet\bin\flet\flet.exe
2026-08-17 17:03:01 | INFO     | flet_runtime | App session started
2026-08-19 12:47:15 | INFO     | __main__ | Demarrage de R116 Platform (env=development)
2026-08-19 12:47:15 | INFO     | __main__ | Base de donnees : C:\Users\pc\Downloads\r116-platform\data\r116.db
2026-08-19 12:47:15 | INFO     | flet_runtime | Assets path configured: C:\Users\pc\Downloads\r116-platform\app\assets
2026-08-19 12:47:15 | INFO     | flet_runtime | Starting up TCP server on localhost:56142
2026-08-19 12:47:15 | INFO     | flet_runtime | Flet app has started...
2026-08-19 12:47:15 | INFO     | flet_runtime | App URL: tcp://localhost:56142
2026-08-19 12:47:15 | INFO     | flet_runtime | Starting Flet View app...
2026-08-19 12:47:15 | INFO     | flet_runtime | Flet View found in: C:\Users\pc\Downloads\r116-platform\venv\Lib\site-packages\flet\bin\flet\flet.exe
2026-08-19 12:47:17 | INFO     | flet_runtime | App session started
2026-08-21 14:13:34 | INFO     | __main__ | Demarrage de R116 Platform (env=development)
2026-08-21 14:13:34 | INFO     | __main__ | Base de donnees : C:\Users\pc\Downloads\r116-platform\data\r116.db
2026-08-21 14:13:34 | INFO     | flet_runtime | Assets path configured: C:\Users\pc\Downloads\r116-platform\app\assets
2026-08-21 14:13:34 | INFO     | flet_runtime | Starting up TCP server on localhost:49494
2026-08-21 14:13:34 | INFO     | flet_runtime | Flet app has started...
2026-08-21 14:13:34 | INFO     | flet_runtime | App URL: tcp://localhost:49494
2026-08-21 14:13:34 | INFO     | flet_runtime | Starting Flet View app...
2026-08-21 14:13:34 | INFO     | flet_runtime | Flet View found in: C:\Users\pc\Downloads\r116-platform\venv\Lib\site-packages\flet\bin\flet\flet.exe
2026-08-21 14:13:36 | INFO     | flet_runtime | App session started
2026-08-23 12:45:26 | INFO     | __main__ | Demarrage de R116 Platform (env=development)
2026-08-23 12:45:26 | INFO     | __main__ | Base de donnees : C:\Users\pc\Downloads\r116-platform\data\r116.db
2026-08-23 12:45:26 | INFO     | flet_runtime | Assets path configured: C:\Users\pc\Downloads\r116-platform\app\assets
2026-08-23 12:45:26 | INFO     | flet_runtime | Starting up TCP server on localhost:53032
2026-08-23 12:45:26 | INFO     | flet_runtime | Flet app has started...
2026-08-23 12:45:26 | INFO     | flet_runtime | App URL: tcp://localhost:53032
2026-08-23 12:45:26 | INFO     | flet_runtime | Starting Flet View app...
2026-08-23 12:45:26 | INFO     | flet_runtime | Flet View found in: C:\Users\pc\Downloads\r116-platform\venv\Lib\site-packages\flet\bin\flet\flet.exe
2026-08-23 12:45:28 | INFO     | flet_runtime | App session started
2026-08-23 12:56:32 | INFO     | __main__ | Demarrage de R116 Platform (env=development)
2026-08-23 12:56:32 | INFO     | __main__ | Base de donnees : C:\Users\pc\Downloads\r116-platform\data\r116.db
2026-08-23 12:56:32 | INFO     | flet_runtime | Assets path configured: C:\Users\pc\Downloads\r116-platform\app\assets
2026-08-23 12:56:32 | INFO     | flet_runtime | Starting up TCP server on localhost:54173
2026-08-23 12:56:32 | INFO     | flet_runtime | Flet app has started...
2026-08-23 12:56:32 | INFO     | flet_runtime | App URL: tcp://localhost:54173
2026-08-23 12:56:32 | INFO     | flet_runtime | Starting Flet View app...
2026-08-23 12:56:32 | INFO     | flet_runtime | Flet View found in: C:\Users\pc\Downloads\r116-platform\venv\Lib\site-packages\flet\bin\flet\flet.exe
2026-08-23 12:56:33 | INFO     | flet_runtime | App session started
2026-08-23 15:05:37 | INFO     | __main__ | Demarrage de R116 Platform (env=development)
2026-08-23 15:05:37 | INFO     | __main__ | Base de donnees : C:\Users\pc\Downloads\r116-platform\data\r116.db
2026-08-23 15:05:37 | INFO     | flet_runtime | Assets path configured: C:\Users\pc\Downloads\r116-platform\app\assets
2026-08-23 15:05:37 | INFO     | flet_runtime | Starting up TCP server on localhost:60508
2026-08-23 15:05:37 | INFO     | flet_runtime | Flet app has started...
2026-08-23 15:05:37 | INFO     | flet_runtime | App URL: tcp://localhost:60508
2026-08-23 15:05:37 | INFO     | flet_runtime | Starting Flet View app...
2026-08-23 15:05:37 | INFO     | flet_runtime | Flet View found in: C:\Users\pc\Downloads\r116-platform\venv\Lib\site-packages\flet\bin\flet\flet.exe
2026-08-23 15:05:38 | INFO     | flet_runtime | App session started
2026-08-23 15:12:50 | INFO     | __main__ | Demarrage de R116 Platform (env=development)
2026-08-23 15:12:50 | INFO     | __main__ | Base de donnees : C:\Users\pc\Downloads\r116-platform\data\r116.db
2026-08-23 15:12:50 | INFO     | flet_runtime | Assets path configured: C:\Users\pc\Downloads\r116-platform\app\assets
2026-08-23 15:12:50 | INFO     | flet_runtime | Starting up TCP server on localhost:53713
2026-08-23 15:12:50 | INFO     | flet_runtime | Flet app has started...
2026-08-23 15:12:50 | INFO     | flet_runtime | App URL: tcp://localhost:53713
2026-08-23 15:12:50 | INFO     | flet_runtime | Starting Flet View app...
2026-08-23 15:12:50 | INFO     | flet_runtime | Flet View found in: C:\Users\pc\Downloads\r116-platform\venv\Lib\site-packages\flet\bin\flet\flet.exe
2026-08-23 15:12:51 | INFO     | flet_runtime | App session started
2026-08-23 16:20:01 | INFO     | __main__ | Demarrage de R116 Platform (env=development)
2026-08-23 16:20:01 | INFO     | __main__ | Base de donnees : C:\Users\pc\Downloads\r116-platform\data\r116.db
2026-08-23 16:20:01 | INFO     | flet_runtime | Assets path configured: C:\Users\pc\Downloads\r116-platform\app\assets
2026-08-23 16:20:02 | INFO     | flet_runtime | Starting up TCP server on localhost:63149
2026-08-23 16:20:02 | INFO     | flet_runtime | Flet app has started...
2026-08-23 16:20:02 | INFO     | flet_runtime | App URL: tcp://localhost:63149
2026-08-23 16:20:02 | INFO     | flet_runtime | Starting Flet View app...
2026-08-23 16:20:02 | INFO     | flet_runtime | Flet View found in: C:\Users\pc\Downloads\r116-platform\venv\Lib\site-packages\flet\bin\flet\flet.exe
2026-08-23 16:20:02 | INFO     | flet_runtime | App session started
2026-08-23 16:27:08 | INFO     | __main__ | Demarrage de R116 Platform (env=development)
2026-08-23 16:27:08 | INFO     | __main__ | Base de donnees : C:\Users\pc\Downloads\r116-platform\data\r116.db
2026-08-23 16:27:08 | INFO     | flet_runtime | Assets path configured: C:\Users\pc\Downloads\r116-platform\app\assets
2026-08-23 16:27:08 | INFO     | flet_runtime | Starting up TCP server on localhost:65120
2026-08-23 16:27:08 | INFO     | flet_runtime | Flet app has started...
2026-08-23 16:27:08 | INFO     | flet_runtime | App URL: tcp://localhost:65120
2026-08-23 16:27:08 | INFO     | flet_runtime | Starting Flet View app...
2026-08-23 16:27:08 | INFO     | flet_runtime | Flet View found in: C:\Users\pc\Downloads\r116-platform\venv\Lib\site-packages\flet\bin\flet\flet.exe
2026-08-23 16:27:09 | INFO     | flet_runtime | App session started
2026-08-23 16:31:23 | INFO     | __main__ | Demarrage de R116 Platform (env=development)
2026-08-23 16:31:23 | INFO     | __main__ | Base de donnees : C:\Users\pc\Downloads\r116-platform\data\r116.db
2026-08-23 16:31:23 | INFO     | flet_runtime | Assets path configured: C:\Users\pc\Downloads\r116-platform\app\assets
2026-08-23 16:31:23 | INFO     | flet_runtime | Starting up TCP server on localhost:51499
2026-08-23 16:31:23 | INFO     | flet_runtime | Flet app has started...
2026-08-23 16:31:23 | INFO     | flet_runtime | App URL: tcp://localhost:51499
2026-08-23 16:31:23 | INFO     | flet_runtime | Starting Flet View app...
2026-08-23 16:31:23 | INFO     | flet_runtime | Flet View found in: C:\Users\pc\Downloads\r116-platform\venv\Lib\site-packages\flet\bin\flet\flet.exe
2026-08-23 16:31:24 | INFO     | flet_runtime | App session started
2026-08-23 16:42:30 | INFO     | __main__ | Demarrage de R116 Platform (env=development)
2026-08-23 16:42:30 | INFO     | __main__ | Base de donnees : C:\Users\pc\Downloads\r116-platform\data\r116.db
2026-08-23 16:42:30 | INFO     | flet_runtime | Assets path configured: C:\Users\pc\Downloads\r116-platform\app\assets
2026-08-23 16:42:30 | INFO     | flet_runtime | Starting up TCP server on localhost:61464
2026-08-23 16:42:30 | INFO     | flet_runtime | Flet app has started...
2026-08-23 16:42:30 | INFO     | flet_runtime | App URL: tcp://localhost:61464
2026-08-23 16:42:30 | INFO     | flet_runtime | Starting Flet View app...
2026-08-23 16:42:30 | INFO     | flet_runtime | Flet View found in: C:\Users\pc\Downloads\r116-platform\venv\Lib\site-packages\flet\bin\flet\flet.exe
2026-08-23 16:42:30 | INFO     | flet_runtime | App session started
2026-08-23 16:43:42 | INFO     | __main__ | Demarrage de R116 Platform (env=development)
2026-08-23 16:43:42 | INFO     | __main__ | Base de donnees : C:\Users\pc\Downloads\r116-platform\data\r116.db
2026-08-23 16:43:42 | INFO     | flet_runtime | Assets path configured: C:\Users\pc\Downloads\r116-platform\app\assets
2026-08-23 16:43:42 | INFO     | flet_runtime | Starting up TCP server on localhost:61483
2026-08-23 16:43:42 | INFO     | flet_runtime | Flet app has started...
2026-08-23 16:43:42 | INFO     | flet_runtime | App URL: tcp://localhost:61483
2026-08-23 16:43:42 | INFO     | flet_runtime | Starting Flet View app...
2026-08-23 16:43:42 | INFO     | flet_runtime | Flet View found in: C:\Users\pc\Downloads\r116-platform\venv\Lib\site-packages\flet\bin\flet\flet.exe
2026-08-23 16:43:42 | INFO     | flet_runtime | App session started
2026-08-23 16:47:43 | INFO     | __main__ | Demarrage de R116 Platform (env=development)
2026-08-23 16:47:43 | INFO     | __main__ | Base de donnees : C:\Users\pc\Downloads\r116-platform\data\r116.db
2026-08-23 16:47:43 | INFO     | flet_runtime | Assets path configured: C:\Users\pc\Downloads\r116-platform\app\assets
2026-08-23 16:47:43 | INFO     | flet_runtime | Starting up TCP server on localhost:58189
2026-08-23 16:47:43 | INFO     | flet_runtime | Flet app has started...
2026-08-23 16:47:43 | INFO     | flet_runtime | App URL: tcp://localhost:58189
2026-08-23 16:47:43 | INFO     | flet_runtime | Starting Flet View app...
2026-08-23 16:47:43 | INFO     | flet_runtime | Flet View found in: C:\Users\pc\Downloads\r116-platform\venv\Lib\site-packages\flet\bin\flet\flet.exe
2026-08-23 16:47:43 | INFO     | flet_runtime | App session started
2026-08-24 09:37:03 | INFO     | __main__ | Demarrage de R116 Platform (env=development)
2026-08-24 09:37:03 | INFO     | __main__ | Base de donnees : C:\Users\pc\Downloads\r116-platform\data\r116.db
2026-08-24 09:37:03 | INFO     | flet_runtime | Assets path configured: C:\Users\pc\Downloads\r116-platform\app\assets
2026-08-24 09:37:03 | INFO     | flet_runtime | Starting up TCP server on localhost:50897
2026-08-24 09:37:03 | INFO     | flet_runtime | Flet app has started...
2026-08-24 09:37:03 | INFO     | flet_runtime | App URL: tcp://localhost:50897
2026-08-24 09:37:03 | INFO     | flet_runtime | Starting Flet View app...
2026-08-24 09:37:03 | INFO     | flet_runtime | Flet View found in: C:\Users\pc\Downloads\r116-platform\venv\Lib\site-packages\flet\bin\flet\flet.exe
2026-08-24 09:37:04 | INFO     | flet_runtime | App session started
2026-08-24 09:42:20 | INFO     | __main__ | Demarrage de R116 Platform (env=development)
2026-08-24 09:42:20 | INFO     | __main__ | Base de donnees : C:\Users\pc\Downloads\r116-platform\data\r116.db
2026-08-24 09:42:20 | INFO     | flet_runtime | Assets path configured: C:\Users\pc\Downloads\r116-platform\app\assets
2026-08-24 09:42:20 | INFO     | flet_runtime | Starting up TCP server on localhost:60476
2026-08-24 09:42:20 | INFO     | flet_runtime | Flet app has started...
2026-08-24 09:42:20 | INFO     | flet_runtime | App URL: tcp://localhost:60476
2026-08-24 09:42:20 | INFO     | flet_runtime | Starting Flet View app...
2026-08-24 09:42:20 | INFO     | flet_runtime | Flet View found in: C:\Users\pc\Downloads\r116-platform\venv\Lib\site-packages\flet\bin\flet\flet.exe
2026-08-24 09:42:20 | INFO     | flet_runtime | App session started
2026-08-24 10:01:32 | INFO     | __main__ | Demarrage de R116 Platform (env=development)
2026-08-24 10:01:32 | INFO     | __main__ | Base de donnees : C:\Users\pc\Downloads\r116-platform\data\r116.db
2026-08-24 10:01:32 | INFO     | flet_runtime | Assets path configured: C:\Users\pc\Downloads\r116-platform\app\assets
2026-08-24 10:01:32 | INFO     | flet_runtime | Starting up TCP server on localhost:62350
2026-08-24 10:01:32 | INFO     | flet_runtime | Flet app has started...
2026-08-24 10:01:32 | INFO     | flet_runtime | App URL: tcp://localhost:62350
2026-08-24 10:01:32 | INFO     | flet_runtime | Starting Flet View app...
2026-08-24 10:01:32 | INFO     | flet_runtime | Flet View found in: C:\Users\pc\Downloads\r116-platform\venv\Lib\site-packages\flet\bin\flet\flet.exe
2026-08-24 10:01:32 | INFO     | flet_runtime | App session started
2026-08-24 12:21:26 | INFO     | __main__ | Demarrage de R116 Platform (env=development)
2026-08-24 12:21:26 | INFO     | __main__ | Base de donnees : C:\Users\pc\Downloads\r116-platform\data\r116.db
2026-08-24 12:21:26 | INFO     | flet_runtime | Assets path configured: C:\Users\pc\Downloads\r116-platform\app\assets
2026-08-24 12:21:26 | INFO     | flet_runtime | Starting up TCP server on localhost:52267
2026-08-24 12:21:26 | INFO     | flet_runtime | Flet app has started...
2026-08-24 12:21:26 | INFO     | flet_runtime | App URL: tcp://localhost:52267
2026-08-24 12:21:26 | INFO     | flet_runtime | Starting Flet View app...
2026-08-24 12:21:26 | INFO     | flet_runtime | Flet View found in: C:\Users\pc\Downloads\r116-platform\venv\Lib\site-packages\flet\bin\flet\flet.exe
2026-08-24 12:21:27 | INFO     | flet_runtime | App session started
2026-08-24 12:36:48 | INFO     | __main__ | Demarrage de R116 Platform (env=development)
2026-08-24 12:36:48 | INFO     | __main__ | Base de donnees : C:\Users\pc\Downloads\r116-platform\data\r116.db
2026-08-24 12:36:48 | INFO     | flet_runtime | Assets path configured: C:\Users\pc\Downloads\r116-platform\app\assets
2026-08-24 12:36:48 | INFO     | flet_runtime | Starting up TCP server on localhost:60077
2026-08-24 12:36:48 | INFO     | flet_runtime | Flet app has started...
2026-08-24 12:36:48 | INFO     | flet_runtime | App URL: tcp://localhost:60077
2026-08-24 12:36:48 | INFO     | flet_runtime | Starting Flet View app...
2026-08-24 12:36:48 | INFO     | flet_runtime | Flet View found in: C:\Users\pc\Downloads\r116-platform\venv\Lib\site-packages\flet\bin\flet\flet.exe
2026-08-24 12:36:48 | INFO     | flet_runtime | App session started
2026-08-24 12:38:30 | ERROR    | asyncio | Future exception was never retrieved
future: <Future finished exception=ValueError('\nImage export using the "kaleido" engine requires the kaleido package,\nwhich can be installed using pip:\n    $ pip install -U kaleido\n')>
Traceback (most recent call last):
  File "C:\Program Files\WindowsApps\PythonSoftwareFoundation.Python.3.11_3.11.2544.0_x64__qbz5n2kfra8p0\Lib\concurrent\futures\thread.py", line 58, in run
    result = self.fn(*self.args, **self.kwargs)
             ^^^^^^^^^^^^^^^^^^^^^^^^^^^^^^^^^^
  File "C:\Users\pc\Downloads\r116-platform\venv\Lib\site-packages\flet_core\page.py", line 944, in wrapper
    handler(*args)
  File "C:\Users\pc\Downloads\r116-platform\app\presentation\shell.py", line 46, in <lambda>
    on_change=lambda event: on_nav(NAV_ITEMS[event.control.selected_index][0]),
                            ^^^^^^^^^^^^^^^^^^^^^^^^^^^^^^^^^^^^^^^^^^^^^^^^^^
  File "C:\Users\pc\Downloads\r116-platform\app\presentation\project_app.py", line 114, in nav
    _render_page(page, event_bus, target)
  File "C:\Users\pc\Downloads\r116-platform\app\presentation\project_app.py", line 118, in _render_page
    page.add(
  File "C:\Users\pc\Downloads\r116-platform\venv\Lib\site-packages\flet_core\page.py", line 735, in add
    r = self.__update(self)
        ^^^^^^^^^^^^^^^^^^^
  File "C:\Users\pc\Downloads\r116-platform\venv\Lib\site-packages\flet_core\page.py", line 833, in __update
    commands, added_controls, removed_controls = self.__prepare_update(*controls)
                                                 ^^^^^^^^^^^^^^^^^^^^^^^^^^^^^^^^
  File "C:\Users\pc\Downloads\r116-platform\venv\Lib\site-packages\flet_core\page.py", line 849, in __prepare_update
    control.build_update_commands(
  File "C:\Users\pc\Downloads\r116-platform\venv\Lib\site-packages\flet_core\control.py", line 467, in build_update_commands
    ctrl.build_update_commands(
  File "C:\Users\pc\Downloads\r116-platform\venv\Lib\site-packages\flet_core\control.py", line 448, in build_update_commands
    innerCmds = ctrl._build_add_commands(
                ^^^^^^^^^^^^^^^^^^^^^^^^^
  File "C:\Users\pc\Downloads\r116-platform\venv\Lib\site-packages\flet_core\control.py", line 545, in _build_add_commands
    childCmd = control._build_add_commands(
               ^^^^^^^^^^^^^^^^^^^^^^^^^^^^
  File "C:\Users\pc\Downloads\r116-platform\venv\Lib\site-packages\flet_core\control.py", line 545, in _build_add_commands
    childCmd = control._build_add_commands(
               ^^^^^^^^^^^^^^^^^^^^^^^^^^^^
  File "C:\Users\pc\Downloads\r116-platform\venv\Lib\site-packages\flet_core\control.py", line 545, in _build_add_commands
    childCmd = control._build_add_commands(
               ^^^^^^^^^^^^^^^^^^^^^^^^^^^^
  [Previous line repeated 3 more times]
  File "C:\Users\pc\Downloads\r116-platform\venv\Lib\site-packages\flet_core\control.py", line 534, in _build_add_commands
    command = self._build_command(False)
              ^^^^^^^^^^^^^^^^^^^^^^^^^^
  File "C:\Users\pc\Downloads\r116-platform\venv\Lib\site-packages\flet_core\control.py", line 561, in _build_command
    self.before_update()
  File "C:\Users\pc\Downloads\r116-platform\venv\Lib\site-packages\flet_core\plotly_chart.py", line 123, in before_update
    svg = self.__figure.to_image(format="svg").decode("utf-8")
          ^^^^^^^^^^^^^^^^^^^^^^^^^^^^^^^^^^^^
  File "C:\Users\pc\Downloads\r116-platform\venv\Lib\site-packages\plotly\basedatatypes.py", line 3772, in to_image
    return pio.to_image(self, *args, **kwargs)
           ^^^^^^^^^^^^^^^^^^^^^^^^^^^^^^^^^^^
  File "C:\Users\pc\Downloads\r116-platform\venv\Lib\site-packages\plotly\io\_kaleido.py", line 132, in to_image
    raise ValueError(
ValueError: 
Image export using the "kaleido" engine requires the kaleido package,
which can be installed using pip:
    $ pip install -U kaleido

2026-08-24 12:40:36 | INFO     | __main__ | Demarrage de R116 Platform (env=development)
2026-08-24 12:40:36 | INFO     | __main__ | Base de donnees : C:\Users\pc\Downloads\r116-platform\data\r116.db
2026-08-24 12:40:36 | INFO     | flet_runtime | Assets path configured: C:\Users\pc\Downloads\r116-platform\app\assets
2026-08-24 12:40:36 | INFO     | flet_runtime | Starting up TCP server on localhost:52892
2026-08-24 12:40:36 | INFO     | flet_runtime | Flet app has started...
2026-08-24 12:40:36 | INFO     | flet_runtime | App URL: tcp://localhost:52892
2026-08-24 12:40:36 | INFO     | flet_runtime | Starting Flet View app...
2026-08-24 12:40:36 | INFO     | flet_runtime | Flet View found in: C:\Users\pc\Downloads\r116-platform\venv\Lib\site-packages\flet\bin\flet\flet.exe
2026-08-24 12:40:37 | INFO     | flet_runtime | App session started
2026-08-24 15:24:20 | INFO     | __main__ | Demarrage de R116 Platform (env=development)
2026-08-24 15:24:20 | INFO     | __main__ | Base de donnees : C:\Users\pc\Downloads\r116-platform\data\r116.db
2026-08-24 15:24:20 | INFO     | flet_runtime | Assets path configured: C:\Users\pc\Downloads\r116-platform\app\assets
2026-08-24 15:24:20 | INFO     | flet_runtime | Starting up TCP server on localhost:52804
2026-08-24 15:24:20 | INFO     | flet_runtime | Flet app has started...
2026-08-24 15:24:20 | INFO     | flet_runtime | App URL: tcp://localhost:52804
2026-08-24 15:24:20 | INFO     | flet_runtime | Starting Flet View app...
2026-08-24 15:24:20 | INFO     | flet_runtime | Flet View found in: C:\Users\pc\Downloads\r116-platform\venv\Lib\site-packages\flet\bin\flet\flet.exe
2026-08-24 15:24:21 | INFO     | flet_runtime | App session started
2026-08-24 15:36:09 | INFO     | __main__ | Demarrage de R116 Platform (env=development)
2026-08-24 15:36:09 | INFO     | __main__ | Base de donnees : C:\Users\pc\Downloads\r116-platform\data\r116.db
2026-08-24 15:36:09 | INFO     | flet_runtime | Assets path configured: C:\Users\pc\Downloads\r116-platform\app\assets
2026-08-24 15:36:09 | INFO     | flet_runtime | Starting up TCP server on localhost:54875
2026-08-24 15:36:09 | INFO     | flet_runtime | Flet app has started...
2026-08-24 15:36:09 | INFO     | flet_runtime | App URL: tcp://localhost:54875
2026-08-24 15:36:09 | INFO     | flet_runtime | Starting Flet View app...
2026-08-24 15:36:09 | INFO     | flet_runtime | Flet View found in: C:\Users\pc\Downloads\r116-platform\venv\Lib\site-packages\flet\bin\flet\flet.exe
2026-08-24 15:36:10 | INFO     | flet_runtime | App session started
2026-08-25 13:58:32 | INFO     | __main__ | Demarrage de R116 Platform (env=development)
2026-08-25 13:58:32 | INFO     | __main__ | Base de donnees : C:\Users\pc\Downloads\r116-platform\data\r116.db
2026-08-25 13:58:32 | INFO     | flet_runtime | Assets path configured: C:\Users\pc\Downloads\r116-platform\app\assets
2026-08-25 13:58:32 | INFO     | flet_runtime | Starting up TCP server on localhost:61791
2026-08-25 13:58:32 | INFO     | flet_runtime | Flet app has started...
2026-08-25 13:58:32 | INFO     | flet_runtime | App URL: tcp://localhost:61791
2026-08-25 13:58:32 | INFO     | flet_runtime | Starting Flet View app...
2026-08-25 13:58:32 | INFO     | flet_runtime | Flet View found in: C:\Users\pc\Downloads\r116-platform\venv\Lib\site-packages\flet\bin\flet\flet.exe
2026-08-25 13:58:34 | INFO     | flet_runtime | App session started
2026-08-26 21:00:44 | INFO     | __main__ | Demarrage de R116 Platform (env=development)
2026-08-26 21:00:44 | INFO     | __main__ | Base de donnees : C:\Users\pc\Downloads\r116-platform\data\r116.db
2026-08-26 21:00:44 | INFO     | flet_runtime | Assets path configured: C:\Users\pc\Downloads\r116-platform\app\assets
2026-08-26 21:00:44 | INFO     | flet_runtime | Starting up TCP server on localhost:53421
2026-08-26 21:00:44 | INFO     | flet_runtime | Flet app has started...
2026-08-26 21:00:44 | INFO     | flet_runtime | App URL: tcp://localhost:53421
2026-08-26 21:00:44 | INFO     | flet_runtime | Starting Flet View app...
2026-08-26 21:00:44 | INFO     | flet_runtime | Flet View found in: C:\Users\pc\Downloads\r116-platform\venv\Lib\site-packages\flet\bin\flet\flet.exe
2026-08-26 21:00:46 | INFO     | flet_runtime | App session started
2026-08-26 21:49:39 | INFO     | __main__ | Demarrage de R116 Platform (env=development)
2026-08-26 21:49:39 | INFO     | __main__ | Base de donnees : C:\Users\pc\Downloads\r116-platform\data\r116.db
2026-08-26 21:49:39 | INFO     | flet_runtime | Assets path configured: C:\Users\pc\Downloads\r116-platform\app\assets
2026-08-26 21:49:39 | INFO     | flet_runtime | Starting up TCP server on localhost:63660
2026-08-26 21:49:39 | INFO     | flet_runtime | Flet app has started...
2026-08-26 21:49:39 | INFO     | flet_runtime | App URL: tcp://localhost:63660
2026-08-26 21:49:39 | INFO     | flet_runtime | Starting Flet View app...
2026-08-26 21:49:39 | INFO     | flet_runtime | Flet View found in: C:\Users\pc\Downloads\r116-platform\venv\Lib\site-packages\flet\bin\flet\flet.exe
2026-08-26 21:49:40 | INFO     | flet_runtime | App session started
2026-08-28 10:41:50 | INFO     | __main__ | Demarrage de R116 Platform (env=development)
2026-08-28 10:41:50 | INFO     | __main__ | Base de donnees : C:\Users\pc\Downloads\r116-platform\data\r116.db
2026-08-28 10:41:50 | INFO     | flet_runtime | Assets path configured: C:\Users\pc\Downloads\r116-platform\app\assets
2026-08-28 10:41:50 | INFO     | flet_runtime | Starting up TCP server on localhost:53420
2026-08-28 10:41:50 | INFO     | flet_runtime | Flet app has started...
2026-08-28 10:41:50 | INFO     | flet_runtime | App URL: tcp://localhost:53420
2026-08-28 10:41:50 | INFO     | flet_runtime | Starting Flet View app...
2026-08-28 10:41:50 | INFO     | flet_runtime | Flet View found in: C:\Users\pc\Downloads\r116-platform\venv\Lib\site-packages\flet\bin\flet\flet.exe
2026-08-28 10:41:52 | INFO     | flet_runtime | App session started
